
> out@0.1.0 dev
> next dev

  ▲ Next.js 14.2.35
  - Local:        http://localhost:3000
  - Environments: .env.local, .env

 ✓ Starting...
 ✓ Ready in 8.1s
 ✓ Compiled /middleware in 503ms
 ✓ Compiled (72 modules)
 ○ Compiling /auth/login ...
 ✓ Compiled /auth/login in 9.5s (537 modules)
 GET /auth/login 200 in 10290ms
 ○ Compiling /api/auth/login ...
 ✓ Compiled /api/auth/login in 2.4s (380 modules)
prisma:warn Prisma failed to detect the libssl/openssl version to use, and may not work as expected. Defaulting to "openssl-1.1.x".
Please manually install OpenSSL and try installing Prisma again.
 POST /api/auth/login 200 in 3410ms
 ✓ Compiled in 4.9s (270 modules)
 ✓ Compiled in 1533ms (270 modules)
 ✓ Compiled in 1443ms (270 modules)
 ✓ Compiled in 397ms (270 modules)
 ✓ Compiled in 9.6s (284 modules)
 ✓ Compiled in 2.2s (284 modules)
 ✓ Compiled in 3s (284 modules)
 ✓ Compiled in 1643ms (284 modules)
 ✓ Compiled in 1559ms (284 modules)
 ✓ Compiled in 2.9s (284 modules)
 ✓ Compiled in 2s (284 modules)
 ✓ Compiled in 5s (342 modules)
 ✓ Compiled in 3.1s (284 modules)
 ✓ Compiled in 2.3s (284 modules)
 ⨯ ./app/auth/login/page.js:6:1
Module not found: Can't resolve '../../components/ClientOnly'
[0m [90m 4 |[39m [36mimport[39m { useRouter } [36mfrom[39m [32m'next/navigation'[39m[33m;[39m[0m
[0m [90m 5 |[39m [36mimport[39m [33mLink[39m [36mfrom[39m [32m'next/link'[39m[33m;[39m[0m
[0m[31m[1m>[22m[39m[90m 6 |[39m [36mimport[39m [33mClientOnly[39m [36mfrom[39m [32m'../../components/ClientOnly'[39m[33m;[39m [90m// Import ClientOnly[39m[0m
[0m [90m   |[39m [31m[1m^[22m[39m[0m
[0m [90m 7 |[39m[0m
[0m [90m 8 |[39m [36mexport[39m [36mdefault[39m [36mfunction[39m [33mLoginPage[39m() {[0m
[0m [90m 9 |[39m   [36mconst[39m [formData[33m,[39m setFormData] [33m=[39m useState({ identifier[33m:[39m [32m''[39m[33m,[39m password[33m:[39m [32m''[39m })[33m;[39m[0m

https://nextjs.org/docs/messages/module-not-found
 ✓ Compiled in 3.4s (285 modules)
