   ▲ Next.js 16.0.8 (Turbopack)
   - Local:         http://localhost:3000
   - Network:       http://10.88.0.3:3000
   - Environments: .env.local, .env

 ✓ Starting...
[baseline-browser-mapping] The data in this module is over two months old.  To ensure accurate Baseline data, please update: `npm i baseline-browser-mapping@latest -D`
 ✓ Ready in 1537ms
 ○ Compiling / ...
 GET / 200 in 12.3s (compile: 11.5s, render: 834ms)
 ⚠ Cross origin request detected from 3000-firebase-clonando-simplebist-1770091277015.cluster-hkcruqmgzbd2aqcdnktmz6k7ba.cloudworkstations.dev to /_next/* resource. In a future major version of Next.js, you will need to explicitly configure "allowedDevOrigins" in next.config to allow this.
Read more: https://nextjs.org/docs/app/api-reference/config/next-config-js/allowedDevOrigins
prisma:warn Prisma failed to detect the libssl/openssl version to use, and may not work as expected. Defaulting to "openssl-1.1.x".
Please manually install OpenSSL and try installing Prisma again.
prisma:warn Prisma failed to detect the libssl/openssl version to use, and may not work as expected. Defaulting to "openssl-1.1.x".
Please manually install OpenSSL and try installing Prisma again.
prisma:warn Prisma failed to detect the libssl/openssl version to use, and may not work as expected. Defaulting to "openssl-1.1.x".
Please manually install OpenSSL and try installing Prisma again.
 GET /api/user/balances 304 in 1016ms (compile: 287ms, render: 730ms)
 GET /hardware 404 in 1852ms (compile: 1726ms, render: 126ms)
 GET /hardware 404 in 294ms (compile: 33ms, render: 261ms)
 GET /api/user/balances 304 in 23ms (compile: 7ms, render: 16ms)
 GET /dashboard 200 in 1352ms (compile: 1271ms, render: 82ms)
 GET /api/user/profile 304 in 44ms (compile: 18ms, render: 26ms)
 GET /api/user/profile 304 in 38ms (compile: 12ms, render: 26ms)
 GET /api/user/balances 304 in 23ms (compile: 8ms, render: 16ms)
 GET /api/user/balances 304 in 36ms (compile: 7ms, render: 30ms)
 GET /dashboard 200 in 166ms (compile: 10ms, render: 156ms)
Error fetching user balances: Error [TokenExpiredError]: jwt expired
    at balancesHandler (pages/api/user/balances.js:24:25)
  22 |
  23 |     // Verify token
> 24 |     const decoded = jwt.verify(token, process.env.JWT_SECRET || 'your-super-secret-jwt-key-change-in-production');
     |                         ^
  25 |
  26 |     // Get user by ID
  27 |     const user = await getUserById(decoded.userId); {
  expiredAt: 2026-02-04T01:09:02.000Z,
  constructor: [Function: TokenExpiredError]
}
 GET /api/user/balances 500 in 1358ms (compile: 10ms, render: 1348ms)
Error fetching user profile: Error [TokenExpiredError]: jwt expired
    at profileHandler (pages/api/user/profile.js:20:25)
  18 |
  19 |     // Verify token
> 20 |     const decoded = jwt.verify(token, process.env.JWT_SECRET || 'your-super-secret-jwt-key-change-in-production');
     |                         ^
  21 |
  22 |     // Get user by ID
  23 |     const user = await getUserById(decoded.userId); {
  expiredAt: 2026-02-04T01:09:02.000Z,
  constructor: [Function: TokenExpiredError]
}
 GET /api/user/profile 500 in 463ms (compile: 10ms, render: 453ms)
Error fetching user balances: Error [TokenExpiredError]: jwt expired
    at balancesHandler (pages/api/user/balances.js:24:25)
  22 |
  23 |     // Verify token
> 24 |     const decoded = jwt.verify(token, process.env.JWT_SECRET || 'your-super-secret-jwt-key-change-in-production');
     |                         ^
  25 |
  26 |     // Get user by ID
  27 |     const user = await getUserById(decoded.userId); {
  expiredAt: 2026-02-04T01:09:02.000Z,
  constructor: [Function: TokenExpiredError]
}
 GET /api/user/balances 500 in 279ms (compile: 9ms, render: 269ms)
 GET / 200 in 1863ms (compile: 151ms, render: 1711ms)
 GET /dashboard 200 in 139ms (compile: 15ms, render: 124ms)
Error fetching user profile: Error [TokenExpiredError]: jwt expired
    at profileHandler (pages/api/user/profile.js:20:25)
  18 |
  19 |     // Verify token
> 20 |     const decoded = jwt.verify(token, process.env.JWT_SECRET || 'your-super-secret-jwt-key-change-in-production');
     |                         ^
  21 |
  22 |     // Get user by ID
  23 |     const user = await getUserById(decoded.userId); {
  expiredAt: 2026-02-04T01:09:02.000Z,
  constructor: [Function: TokenExpiredError]
}
 GET /api/user/profile 500 in 479ms (compile: 15ms, render: 463ms)
Error fetching user balances: Error [TokenExpiredError]: jwt expired
    at balancesHandler (pages/api/user/balances.js:24:25)
  22 |
  23 |     // Verify token
> 24 |     const decoded = jwt.verify(token, process.env.JWT_SECRET || 'your-super-secret-jwt-key-change-in-production');
     |                         ^
  25 |
  26 |     // Get user by ID
  27 |     const user = await getUserById(decoded.userId); {
  expiredAt: 2026-02-04T01:09:02.000Z,
  constructor: [Function: TokenExpiredError]
}
 GET /api/user/balances 500 in 202ms (compile: 15ms, render: 187ms)
Error fetching user balances: Error [TokenExpiredError]: jwt expired
    at balancesHandler (pages/api/user/balances.js:24:25)
  22 |
  23 |     // Verify token
> 24 |     const decoded = jwt.verify(token, process.env.JWT_SECRET || 'your-super-secret-jwt-key-change-in-production');
     |                         ^
  25 |
  26 |     // Get user by ID
  27 |     const user = await getUserById(decoded.userId); {
  expiredAt: 2026-02-04T01:09:02.000Z,
  constructor: [Function: TokenExpiredError]
}
 GET /api/user/balances 500 in 158ms (compile: 7ms, render: 151ms)
 ✓ Compiled in 695ms
 ⚠ Fast Refresh had to perform a full reload due to a runtime error.
 GET /dashboard 200 in 1638ms (compile: 679ms, render: 959ms)
 ✓ Compiled in 3ms
Error fetching user profile: Error [TokenExpiredError]: jwt expired
    at profileHandler (pages/api/user/profile.js:20:25)
  18 |
  19 |     // Verify token
> 20 |     const decoded = jwt.verify(token, process.env.JWT_SECRET || 'your-super-secret-jwt-key-change-in-production');
     |                         ^
  21 |
  22 |     // Get user by ID
  23 |     const user = await getUserById(decoded.userId); {
  expiredAt: 2026-02-04T01:09:02.000Z,
  constructor: [Function: TokenExpiredError]
}
 GET /api/user/profile 500 in 322ms (compile: 12ms, render: 310ms)
Error fetching user balances: Error [TokenExpiredError]: jwt expired
    at balancesHandler (pages/api/user/balances.js:24:25)
  22 |
  23 |     // Verify token
> 24 |     const decoded = jwt.verify(token, process.env.JWT_SECRET || 'your-super-secret-jwt-key-change-in-production');
     |                         ^
  25 |
  26 |     // Get user by ID
  27 |     const user = await getUserById(decoded.userId); {
  expiredAt: 2026-02-04T01:09:02.000Z,
  constructor: [Function: TokenExpiredError]
}
 GET /api/user/balances 500 in 613ms (compile: 324ms, render: 290ms)
Error fetching user balances: Error [TokenExpiredError]: jwt expired
    at balancesHandler (pages/api/user/balances.js:24:25)
  22 |
  23 |     // Verify token
> 24 |     const decoded = jwt.verify(token, process.env.JWT_SECRET || 'your-super-secret-jwt-key-change-in-production');
     |                         ^
  25 |
  26 |     // Get user by ID
  27 |     const user = await getUserById(decoded.userId); {
  expiredAt: 2026-02-04T01:09:02.000Z,
  constructor: [Function: TokenExpiredError]
}
 GET /api/user/balances 500 in 387ms (compile: 99ms, render: 289ms)
 ✓ Compiled in 354ms
 ⚠ Fast Refresh had to perform a full reload due to a runtime error.
 GET /dashboard 200 in 2.4s (compile: 841ms, render: 1542ms)
Error fetching user balances: Error [TokenExpiredError]: jwt expired
    at balancesHandler (pages/api/user/balances.js:24:25)
  22 |
  23 |     // Verify token
> 24 |     const decoded = jwt.verify(token, process.env.JWT_SECRET || 'your-super-secret-jwt-key-change-in-production');
     |                         ^
  25 |
  26 |     // Get user by ID
  27 |     const user = await getUserById(decoded.userId); {
  expiredAt: 2026-02-04T01:09:02.000Z,
  constructor: [Function: TokenExpiredError]
}
 GET /api/user/balances 500 in 629ms (compile: 26ms, render: 603ms)
Error fetching user profile: Error [TokenExpiredError]: jwt expired
    at profileHandler (pages/api/user/profile.js:20:25)
  18 |
  19 |     // Verify token
> 20 |     const decoded = jwt.verify(token, process.env.JWT_SECRET || 'your-super-secret-jwt-key-change-in-production');
     |                         ^
  21 |
  22 |     // Get user by ID
  23 |     const user = await getUserById(decoded.userId); {
  expiredAt: 2026-02-04T01:09:02.000Z,
  constructor: [Function: TokenExpiredError]
}
 GET /api/user/profile 500 in 891ms (compile: 663ms, render: 228ms)
Error fetching user balances: Error [TokenExpiredError]: jwt expired
    at balancesHandler (pages/api/user/balances.js:24:25)
  22 |
  23 |     // Verify token
> 24 |     const decoded = jwt.verify(token, process.env.JWT_SECRET || 'your-super-secret-jwt-key-change-in-production');
     |                         ^
  25 |
  26 |     // Get user by ID
  27 |     const user = await getUserById(decoded.userId); {
  expiredAt: 2026-02-04T01:09:02.000Z,
  constructor: [Function: TokenExpiredError]
}
 GET /api/user/balances 500 in 442ms (compile: 66ms, render: 376ms)
 ✓ Compiled in 96ms
 ⚠ Fast Refresh had to perform a full reload due to a runtime error.
 GET /dashboard 200 in 591ms (compile: 208ms, render: 384ms)
Error fetching user balances: Error [TokenExpiredError]: jwt expired
    at balancesHandler (pages/api/user/balances.js:24:25)
  22 |
  23 |     // Verify token
> 24 |     const decoded = jwt.verify(token, process.env.JWT_SECRET || 'your-super-secret-jwt-key-change-in-production');
     |                         ^
  25 |
  26 |     // Get user by ID
  27 |     const user = await getUserById(decoded.userId); {
  expiredAt: 2026-02-04T01:09:02.000Z,
  constructor: [Function: TokenExpiredError]
}
 GET /api/user/balances 500 in 963ms (compile: 58ms, render: 905ms)
Error fetching user profile: Error [TokenExpiredError]: jwt expired
    at profileHandler (pages/api/user/profile.js:20:25)
  18 |
  19 |     // Verify token
> 20 |     const decoded = jwt.verify(token, process.env.JWT_SECRET || 'your-super-secret-jwt-key-change-in-production');
     |                         ^
  21 |
  22 |     // Get user by ID
  23 |     const user = await getUserById(decoded.userId); {
  expiredAt: 2026-02-04T01:09:02.000Z,
  constructor: [Function: TokenExpiredError]
}
 GET /api/user/profile 500 in 1762ms (compile: 949ms, render: 813ms)
Error fetching user balances: Error [TokenExpiredError]: jwt expired
    at balancesHandler (pages/api/user/balances.js:24:25)
  22 |
  23 |     // Verify token
> 24 |     const decoded = jwt.verify(token, process.env.JWT_SECRET || 'your-super-secret-jwt-key-change-in-production');
     |                         ^
  25 |
  26 |     // Get user by ID
  27 |     const user = await getUserById(decoded.userId); {
  expiredAt: 2026-02-04T01:09:02.000Z,
  constructor: [Function: TokenExpiredError]
}
 GET /api/user/balances 500 in 1280ms (compile: 129ms, render: 1151ms)
 ✓ Compiled in 428ms
 GET /dashboard 200 in 3.7s (compile: 1700ms, render: 1976ms)
 GET / 200 in 2.2s (compile: 1137ms, render: 1109ms)
Error fetching user balances: Error [TokenExpiredError]: jwt expired
    at balancesHandler (pages/api/user/balances.js:24:25)
  22 |
  23 |     // Verify token
> 24 |     const decoded = jwt.verify(token, process.env.JWT_SECRET || 'your-super-secret-jwt-key-change-in-production');
     |                         ^
  25 |
  26 |     // Get user by ID
  27 |     const user = await getUserById(decoded.userId); {
  expiredAt: 2026-02-04T01:09:02.000Z,
  constructor: [Function: TokenExpiredError]
}
 GET /api/user/balances 500 in 456ms (compile: 21ms, render: 435ms)
Error fetching user profile: Error [TokenExpiredError]: jwt expired
    at profileHandler (pages/api/user/profile.js:20:25)
  18 |
  19 |     // Verify token
> 20 |     const decoded = jwt.verify(token, process.env.JWT_SECRET || 'your-super-secret-jwt-key-change-in-production');
     |                         ^
  21 |
  22 |     // Get user by ID
  23 |     const user = await getUserById(decoded.userId); {
  expiredAt: 2026-02-04T01:09:02.000Z,
  constructor: [Function: TokenExpiredError]
}
 GET /api/user/profile 500 in 388ms (compile: 5ms, render: 383ms)
Error fetching user balances: Error [TokenExpiredError]: jwt expired
    at balancesHandler (pages/api/user/balances.js:24:25)
  22 |
  23 |     // Verify token
> 24 |     const decoded = jwt.verify(token, process.env.JWT_SECRET || 'your-super-secret-jwt-key-change-in-production');
     |                         ^
  25 |
  26 |     // Get user by ID
  27 |     const user = await getUserById(decoded.userId); {
  expiredAt: 2026-02-04T01:09:02.000Z,
  constructor: [Function: TokenExpiredError]
}
 GET /api/user/balances 500 in 411ms (compile: 17ms, render: 394ms)
Error fetching user balances: Error [TokenExpiredError]: jwt expired
    at balancesHandler (pages/api/user/balances.js:24:25)
  22 |
  23 |     // Verify token
> 24 |     const decoded = jwt.verify(token, process.env.JWT_SECRET || 'your-super-secret-jwt-key-change-in-production');
     |                         ^
  25 |
  26 |     // Get user by ID
  27 |     const user = await getUserById(decoded.userId); {
  expiredAt: 2026-02-04T01:09:02.000Z,
  constructor: [Function: TokenExpiredError]
}
 GET /api/user/balances 500 in 463ms (compile: 18ms, render: 446ms)
 GET /challenges 404 in 498ms (compile: 383ms, render: 115ms)
 GET /challenges 404 in 601ms (compile: 48ms, render: 553ms)
 GET / 200 in 109ms (compile: 9ms, render: 99ms)
Error fetching user balances: Error [TokenExpiredError]: jwt expired
    at balancesHandler (pages/api/user/balances.js:24:25)
  22 |
  23 |     // Verify token
> 24 |     const decoded = jwt.verify(token, process.env.JWT_SECRET || 'your-super-secret-jwt-key-change-in-production');
     |                         ^
  25 |
  26 |     // Get user by ID
  27 |     const user = await getUserById(decoded.userId); {
  expiredAt: 2026-02-04T01:09:02.000Z,
  constructor: [Function: TokenExpiredError]
}
 GET /api/user/balances 500 in 262ms (compile: 7ms, render: 254ms)
 GET /ptc 200 in 2.3s (compile: 2.2s, render: 72ms)
 GET /api/ptc/ad 404 in 245ms (compile: 35ms, render: 210ms)
 GET /api/ptc/ad 404 in 216ms (compile: 37ms, render: 179ms)
 GET /games 404 in 117ms (compile: 42ms, render: 75ms)
 GET /games 404 in 312ms (compile: 51ms, render: 260ms)
Error fetching user balances: Error [TokenExpiredError]: jwt expired
    at balancesHandler (pages/api/user/balances.js:24:25)
  22 |
  23 |     // Verify token
> 24 |     const decoded = jwt.verify(token, process.env.JWT_SECRET || 'your-super-secret-jwt-key-change-in-production');
     |                         ^
  25 |
  26 |     // Get user by ID
  27 |     const user = await getUserById(decoded.userId); {
  expiredAt: 2026-02-04T01:09:02.000Z,
  constructor: [Function: TokenExpiredError]
}
 GET /api/user/balances 500 in 1036ms (compile: 20ms, render: 1016ms)
[?25h
